Γû▓ Next.js 16.1.1 (Turbopack)
- Environments: .env

  Creating an optimized production build ...
node.exe : 
At line:1 char:1
+ & "C:\Program Files\nodejs/node.exe" 
"C:\Program Files\nodejs/node_mo ...
+ ~~~~~~~~~~~~~~~~~~~~~~~~~~~~~~~~~~~~~~
~~~~~~~~~~~~~~~~~~~~~~~~~~~~~~~
    + CategoryInfo          : NotSpecif 
   ied: (:String) [], RemoteException
    + FullyQualifiedErrorId : NativeCom 
   mandError
 
> Build error occurred
Error: Turbopack build failed with 1 
errors:
./app/globals.css:2810:20
Parsing CSS source code failed
[0m [90m 2808 |[39m }
 [90m 2809 |[39m [33m.[39m[37m[41m
[1m\[22m[49m[39m[[33m--[39mcell[3
3m-[39msize[37m[41m[1m\[22m[49m[3
9m[33m:[39m[33m--[39mspacing[37m[4
1m[1m\[22m[49m[39m([35m8[39m[37m
[41m[1m\[22m[49m[39m)[37m[41m[1m\
[22m[49m[39m] {
[31m[1m>[22m[39m[90m 2810 |[39m   
[33m--[39mcell[33m-[39msize[33m:[3
9m [36mvar[39m([33m--[39mspacing([3
5m8[39m))[33m;[39m
 [90m      |[39m                    
[31m[1m^[22m[39m
 [90m 2811 |[39m }
 [90m 2812 |[39m
 [90m 2813 |[39m [33m@[39mkeyframes 
confetti {[0m

Unexpected token Function("--spacing")

Import trace:
  Client Component Browser:
    ./app/globals.css [Client Component 
Browser]
    ./app/layout.tsx [Server Component]


    at <unknown> 
(./app/globals.css:2810:20)
